com/songxiaocai/tradedata/test/dubboTest/TestProvider.class
com/songxiaocai/tradedata/infrastructure/repository/mapper/SxcUserMapper.class
com/songxiaocai/tradedata/aspect/section/DataSourceAspect.class
com/songxiaocai/tradedata/infrastructure/repository/impl/SxcUserRepositoryImpl.class
com/songxiaocai/tradedata/tool/http/HttpRequestSimple.class
com/songxiaocai/tradedata/tool/http/HttpTest.class
com/songxiaocai/tradedata/tool/http/CustomHttpClient.class
com/songxiaocai/tradedata/service/params/SxcUserInfoDTO.class
com/songxiaocai/tradedata/client/result/SxcAccountInfoDTO.class
com/songxiaocai/tradedata/test/TestService.class
com/songxiaocai/tradedata/infrastructure/repository/impl/SxcAccountRepositoryImpl.class
com/songxiaocai/tradedata/application/repository/SxcUserRepository.class
com/songxiaocai/tradedata/tool/date/DateTool.class
com/songxiaocai/tradedata/infrastructure/repository/entity/SxcUser.class
com/songxiaocai/tradedata/tool/http/MySSLSocketFactory$1.class
com/songxiaocai/tradedata/tool/log/log.class
com/songxiaocai/tradedata/tool/map/MapUtil.class
com/songxiaocai/tradedata/infrastructure/repository/entity/SxcAccount.class
com/songxiaocai/tradedata/service/Coupons.class
com/songxiaocai/tradedata/client/result/SxcUserInfoVO.class
com/songxiaocai/tradedata/application/repository/SxcAccountRepository.class
com/songxiaocai/tradedata/tool/http/ClearConnectionsHandler.class
com/songxiaocai/tradedata/tool/jedis/JedisTemplate.class
com/songxiaocai/tradedata/infrastructure/repository/mapper/SxcAccountMapper.class
com/songxiaocai/tradedata/tool/http/MySSLSocketFactory.class
