/Users/yangyi/Desktop/tradedata/tradedata-core/src/main/java/com/songxiaocai/tradedata/client/result/SxcUserInfoVO.java
/Users/yangyi/Desktop/tradedata/tradedata-core/src/main/java/com/songxiaocai/tradedata/tool/http/ClearConnectionsHandler.java
/Users/yangyi/Desktop/tradedata/tradedata-core/src/main/java/com/songxiaocai/tradedata/config/LogbackConfig.java
/Users/yangyi/Desktop/tradedata/tradedata-core/src/main/java/com/songxiaocai/tradedata/infrastructure/repository/entity/SxcUser.java
/Users/yangyi/Desktop/tradedata/tradedata-core/src/main/java/com/songxiaocai/tradedata/tool/log/log.java
/Users/yangyi/Desktop/tradedata/tradedata-core/src/main/java/com/songxiaocai/tradedata/application/repository/SxcUserRepository.java
/Users/yangyi/Desktop/tradedata/tradedata-core/src/main/java/com/songxiaocai/tradedata/infrastructure/repository/impl/SxcUserRepositoryImpl.java
/Users/yangyi/Desktop/tradedata/tradedata-core/src/main/java/com/songxiaocai/tradedata/test/TestService.java
/Users/yangyi/Desktop/tradedata/tradedata-core/src/main/java/com/songxiaocai/tradedata/infrastructure/repository/mapper/SxcUserMapper.java
/Users/yangyi/Desktop/tradedata/tradedata-core/src/main/java/com/songxiaocai/tradedata/tool/jedis/JedisTemplate.java
/Users/yangyi/Desktop/tradedata/tradedata-core/src/main/java/com/songxiaocai/tradedata/infrastructure/repository/mapper/SxcAccountMapper.java
/Users/yangyi/Desktop/tradedata/tradedata-core/src/main/java/com/songxiaocai/tradedata/aspect/section/DataSourceAspect.java
/Users/yangyi/Desktop/tradedata/tradedata-core/src/main/java/com/songxiaocai/tradedata/tool/http/HttpRequestSimple.java
/Users/yangyi/Desktop/tradedata/tradedata-core/src/main/java/com/songxiaocai/tradedata/tool/map/MapUtil.java
/Users/yangyi/Desktop/tradedata/tradedata-core/src/main/java/com/songxiaocai/tradedata/application/repository/SxcAccountRepository.java
/Users/yangyi/Desktop/tradedata/tradedata-core/src/main/java/com/songxiaocai/tradedata/tool/http/HttpTest.java
/Users/yangyi/Desktop/tradedata/tradedata-core/src/main/java/com/songxiaocai/tradedata/service/Coupons.java
/Users/yangyi/Desktop/tradedata/tradedata-core/src/main/java/com/songxiaocai/tradedata/infrastructure/repository/impl/SxcAccountRepositoryImpl.java
/Users/yangyi/Desktop/tradedata/tradedata-core/src/main/java/com/songxiaocai/tradedata/tool/http/CustomHttpClient.java
/Users/yangyi/Desktop/tradedata/tradedata-core/src/main/java/com/songxiaocai/tradedata/config/DefaultConfig.java
/Users/yangyi/Desktop/tradedata/tradedata-core/src/main/java/com/songxiaocai/tradedata/infrastructure/repository/entity/SxcAccount.java
/Users/yangyi/Desktop/tradedata/tradedata-core/src/main/java/com/songxiaocai/tradedata/tool/date/DateTool.java
/Users/yangyi/Desktop/tradedata/tradedata-core/src/main/java/com/songxiaocai/tradedata/client/result/SxcAccountInfoDTO.java
/Users/yangyi/Desktop/tradedata/tradedata-core/src/main/java/com/songxiaocai/tradedata/service/params/SxcUserInfoDTO.java
/Users/yangyi/Desktop/tradedata/tradedata-core/src/main/java/com/songxiaocai/tradedata/tool/http/MySSLSocketFactory.java
/Users/yangyi/Desktop/tradedata/tradedata-core/src/main/java/com/songxiaocai/tradedata/test/dubboTest/TestProvider.java
